==28135== Memcheck, a memory error detector
==28135== Copyright (C) 2002-2017, and GNU GPL'd, by Julian Seward et al.
==28135== Using Valgrind-3.18.1 and LibVEX; rerun with -h for copyright info
==28135== Command: ./a.out
==28135== Parent PID: 27229
==28135== 
==28135== 
==28135== HEAP SUMMARY:
==28135==     in use at exit: 120 bytes in 1 blocks
==28135==   total heap usage: 5 allocs, 4 frees, 1,296 bytes allocated
==28135== 
==28135== 120 bytes in 1 blocks are still reachable in loss record 1 of 1
==28135==    at 0x4848899: malloc (in /usr/libexec/valgrind/vgpreload_memcheck-amd64-linux.so)
==28135==    by 0x48F51A2: getdelim (iogetdelim.c:62)
==28135==    by 0x10955A: init_shell (init_shell.c:20)
==28135==    by 0x109612: main (main.c:12)
==28135== 
==28135== LEAK SUMMARY:
==28135==    definitely lost: 0 bytes in 0 blocks
==28135==    indirectly lost: 0 bytes in 0 blocks
==28135==      possibly lost: 0 bytes in 0 blocks
==28135==    still reachable: 120 bytes in 1 blocks
==28135==         suppressed: 0 bytes in 0 blocks
==28135== 
==28135== ERROR SUMMARY: 0 errors from 0 contexts (suppressed: 0 from 0)
